2026-07-24 10:31:05 ERROR Database connection timeout
2026-07-24 10:31:08 ERROR Authentication failed for user 1482
2026-07-24 10:31:12 WARN Database connection pool exhausted